144.97056424489568 -37.796155887263744 --> SW SE
144.96941668057087 -37.79606116572821 --> SW SW
