144.97056424489568 -37.796155887263744
--> footpath_id: 27665 || address: Palmerston Street between Rathdowne Street and Drummond Street || clue_sa: Carlton || asset_type: Road Footway || deltaz: 3.21 || distance: 94.55 || grade1in: 29.5 || mcc_id: 1384273 || mccid_int: 20684 || rlmax: 35.49 || rlmin: 32.28 || segside: North || statusid: 2 || streetid: 955 || street_group: 28597 || start_lat: -37.796156 || start_lon: 144.970564 || end_lat: -37.796061 || end_lon: 144.969417 || 
144.96941668057087 -37.79606116572821
--> footpath_id: 27665 || address: Palmerston Street between Rathdowne Street and Drummond Street || clue_sa: Carlton || asset_type: Road Footway || deltaz: 3.21 || distance: 94.55 || grade1in: 29.5 || mcc_id: 1384273 || mccid_int: 20684 || rlmax: 35.49 || rlmin: 32.28 || segside: North || statusid: 2 || streetid: 955 || street_group: 28597 || start_lat: -37.796156 || start_lon: 144.970564 || end_lat: -37.796061 || end_lon: 144.969417 || 
144.97550677200553 -37.79327234020523
--> footpath_id: 29996 || address:  || clue_sa: Carlton || asset_type: Road Footway || deltaz: 0.46 || distance: 54.51 || grade1in: 118.5 || mcc_id: 1388910 || mccid_int: 0 || rlmax: 24.91 || rlmin: 24.45 || segside:  || statusid: 0 || streetid: 0 || street_group: 29996 || start_lat: -37.793272 || start_lon: 144.975507 || end_lat: -37.794367 || end_lon: 144.975315 || 
144.97531546208762 -37.794366870830814
--> footpath_id: 29996 || address:  || clue_sa: Carlton || asset_type: Road Footway || deltaz: 0.46 || distance: 54.51 || grade1in: 118.5 || mcc_id: 1388910 || mccid_int: 0 || rlmax: 24.91 || rlmin: 24.45 || segside:  || statusid: 0 || streetid: 0 || street_group: 29996 || start_lat: -37.793272 || start_lon: 144.975507 || end_lat: -37.794367 || end_lon: 144.975315 || 
