144.968 -37.797 144.977 -37.79 --> SW SW SE NE SE
144.9678 -37.79741 144.97202 -37.79382 --> SW SW SE
144.973 -37.795 144.976 -37.792 --> NE SE
