144.97056424489568 -37.796155887263744 --> NE SW NE NE
144.96941668057087 -37.79606116572821 --> NE SW NE NW
144.97550677200553 -37.79327234020523 --> NE NE SE NW
144.97531546208762 -37.794366870830814 --> NE NE SE SW
144.95665927231698 -37.79577969952321 --> NW SW NE NW SE
144.95585137224148 -37.79569935694233 --> NW SW NE NW SW
144.95554535477655 -37.80705253270732 --> SW SW NE SW SW
144.95564385929268 -37.806493400698976 --> SW SW NE SW NW
144.95776107067206 -37.800833883989625 --> SW NW NE NE
144.9577621000513 -37.80171222010921 --> SW NW NE SE
144.96912391530608 -37.8011224360362 --> SE NW NE NW SE
144.96855348106368 -37.80105695969724 --> SE NW NE NW SW
144.966303006131 -37.80338892683253 --> SE NW SW NW SE
144.96643973263426 -37.80293851298118 --> SE NW SW NW NE SE NE
144.96241476869113 -37.801769518084534 --> SW NE NE SW NW
144.96297898972549 -37.80225124756057 --> SW NE NE SW SE
144.96586801508758 -37.80302918947068 --> SE NW SW NW NE SW
144.96640074411266 -37.802820080085475 --> SE NW SW NW NE SE NW
144.97294289485285 -37.79641297479196 --> NE SE NW SW NE
144.97305852638132 -37.795966839001004 --> NE SE NW NW
144.95382520278204 -37.794581968629714 --> NW NW SW SE
144.95506941964084 -37.79364654613079 --> NW NW SW NE
144.95811677926758 -37.80894449202307 --> SW SW SE
144.95883580672492 -37.80877174988724 --> SW SE
144.955044698638 -37.80113054530073 --> SW NW NW NE SE SE
144.95467453866502 -37.80083528906786 --> SW NW NW NE SE NW
144.9726038406784 -37.800388336415146 --> SE NE NW NW NE
144.9735351927589 -37.80004025688152 --> SE NE NW NE
144.95424290108963 -37.803461085052795 --> SW NW SW
144.95538810397605 -37.80355555400948 --> SW NW SE
144.96605785860461 -37.80501884863678 --> SE SW NW NW NE
144.96584156698998 -37.806061478788905 --> SE SW NW NW SE
144.95584317256407 -37.793947903397715 --> NW NW SE SW
144.95654296041144 -37.793164867376746 --> NW NW SE NW
144.9688335375982 -37.797631984680294 --> NE SW SE NW NW
144.96864843156519 -37.79846904558401 --> NE SW SE NW SW
144.9718916024831 -37.79730782224292 --> NE SE NW SW SW
144.9720246745706 -37.79658981913546 --> NE SE NW SW NW
144.9724751229921 -37.8011090220332 --> SE NE NW NW SE
144.97414453519673 -37.801267263634884 --> SE NE NW SE
