144.952 -37.81 144.978 -37.79 --> SW SW NE SW SW NW SE NW SW NW NE SE NW SE NE NE SE SE NE NE SW NW SE SE NW SW NE NW SW SE NW SW NE SE SE SW NW NE SW NE NW NE SE NW SW NW NE SE SW NW SE NW SW SW NW NE NW SE SW NW NW NE SE NW SW NW NE SW SE NW NE SE NE NW SW SE NE NW NW NE SE NE SE
144.953 -37.8095 144.9628 -37.7916 --> SW SW NE SW SW NW SE NW SW NW NE SE NW SE NE NE SE SE NE NE SW NW SE SE NW SW NE NW SW SE NW SW NE SE SE SW NW
144.9628 -37.8095 144.97603 -37.7916 --> SW NE NE SW SE SE NW NE SW NE NW NE SE NW SW NW NE SE SW NW SE NW SW SW NW NE NW SE SW NW NW NE SE NW SW NW NE SW SE NW NE SE NE NW SW SE NE NW NW NE SE NE SE
