144.969 -37.7965 144.9725 -37.7945
--> footpath_id: 27665 || address: Palmerston Street between Rathdowne Street and Drummond Street || clue_sa: Carlton || asset_type: Road Footway || deltaz: 3.21 || distance: 94.55 || grade1in: 29.5 || mcc_id: 1384273 || mccid_int: 20684 || rlmax: 35.49 || rlmin: 32.28 || segside: North || statusid: 2 || streetid: 955 || street_group: 28597 || start_lat: -37.796156 || start_lon: 144.970564 || end_lat: -37.796061 || end_lon: 144.969417 || 
144.97 -37.7969 144.971 -37.796
--> footpath_id: 27665 || address: Palmerston Street between Rathdowne Street and Drummond Street || clue_sa: Carlton || asset_type: Road Footway || deltaz: 3.21 || distance: 94.55 || grade1in: 29.5 || mcc_id: 1384273 || mccid_int: 20684 || rlmax: 35.49 || rlmin: 32.28 || segside: North || statusid: 2 || streetid: 955 || street_group: 28597 || start_lat: -37.796156 || start_lon: 144.970564 || end_lat: -37.796061 || end_lon: 144.969417 || 
144.969 -37.7969 144.97 -37.796
--> footpath_id: 27665 || address: Palmerston Street between Rathdowne Street and Drummond Street || clue_sa: Carlton || asset_type: Road Footway || deltaz: 3.21 || distance: 94.55 || grade1in: 29.5 || mcc_id: 1384273 || mccid_int: 20684 || rlmax: 35.49 || rlmin: 32.28 || segside: North || statusid: 2 || streetid: 955 || street_group: 28597 || start_lat: -37.796156 || start_lon: 144.970564 || end_lat: -37.796061 || end_lon: 144.969417 || 
144.9688 -37.7964 144.9698 -37.7956
--> footpath_id: 27665 || address: Palmerston Street between Rathdowne Street and Drummond Street || clue_sa: Carlton || asset_type: Road Footway || deltaz: 3.21 || distance: 94.55 || grade1in: 29.5 || mcc_id: 1384273 || mccid_int: 20684 || rlmax: 35.49 || rlmin: 32.28 || segside: North || statusid: 2 || streetid: 955 || street_group: 28597 || start_lat: -37.796156 || start_lon: 144.970564 || end_lat: -37.796061 || end_lon: 144.969417 || 
144.97039 -37.79634 144.97138 -37.7952
--> footpath_id: 27665 || address: Palmerston Street between Rathdowne Street and Drummond Street || clue_sa: Carlton || asset_type: Road Footway || deltaz: 3.21 || distance: 94.55 || grade1in: 29.5 || mcc_id: 1384273 || mccid_int: 20684 || rlmax: 35.49 || rlmin: 32.28 || segside: North || statusid: 2 || streetid: 955 || street_group: 28597 || start_lat: -37.796156 || start_lon: 144.970564 || end_lat: -37.796061 || end_lon: 144.969417 || 
