144.97056424489568 -37.796155887263744 --> SW SE
144.96941668057087 -37.79606116572821 --> SW SW
144.97550677200553 -37.79327234020523 --> NE
144.97531546208762 -37.794366870830814 --> SE
